error: redundant `test_` prefix in test function name
  --> tests/ui-toml/redundant_test_prefix/redundant_test_prefix.rs:15:8
   |
LL |     fn test_has_annotation() {
   |        ^^^^^^^^^^^^^^^^^^^ help: consider removing the `test_` prefix: `has_annotation`
   |
   = note: `-D clippy::redundant-test-prefix` implied by `-D warnings`
   = help: to override `-D warnings` add `#[allow(clippy::redundant_test_prefix)]`

error: redundant `test_` prefix in test function name
  --> tests/ui-toml/redundant_test_prefix/redundant_test_prefix.rs:23:4
   |
LL | fn test_main_module_has_annotation() {
   |    ^^^^^^^^^^^^^^^^^^^^^^^^^^^^^^^ help: consider removing the `test_` prefix: `main_module_has_annotation`

error: redundant `test_` prefix in test function name
  --> tests/ui-toml/redundant_test_prefix/redundant_test_prefix.rs:33:4
   |
LL | fn test_foo() {
   |    ^^^^^^^^ help: consider removing the `test_` prefix (suffix avoids name conflict): `foo_ok`

error: redundant `test_` prefix in test function name
  --> tests/ui-toml/redundant_test_prefix/redundant_test_prefix.rs:45:4
   |
LL | fn test_bar() {
   |    ^^^^^^^^ help: consider removing the `test_` prefix (suffix avoids name conflict): `bar_ok`

error: aborting due to 4 previous errors

